
════════════════════════════════════════
条目 1/8 [body]：「傍晚后排回头微笑金色轮廓光」（1 张，输出从 image-01.png 开始）
════════════════════════════════════════
  ✔ 写入 image-job-01.json

========================================
▶ 提交任务 OUTDOOR-009r3_body01（复用会话 parent=无，本次新开对话）
========================================
已创建任务: OUTDOOR-009r3_body01
平台: GPT
模式: 图片生成
状态: 排队中
下一步: auto-chat dispatch --platform gpt OUTDOOR-009r3_body01 && auto-chat listen OUTDOOR-009r3_body01
已请求插件执行一次调度。
  ✔ 结果已保存：job-result-01.json（最终 job id: OUTDOOR-009r3_body01）
  ⏳ 等待 10s 后再提交下一个任务（防止限流）...
  ✅ image-01.png

════════════════════════════════════════
条目 2/8 [body]：「午后扶下巴回眸锁骨光斑」（1 张，输出从 image-02.png 开始）
════════════════════════════════════════
  ✔ 写入 image-job-02.json

========================================
▶ 提交任务 OUTDOOR-009r3_body02（复用会话 parent=OUTDOOR-009r3_body01）
========================================
已创建任务: OUTDOOR-009r3_body02
平台: GPT
模式: 图片生成
状态: 排队中
下一步: auto-chat dispatch --platform gpt OUTDOOR-009r3_body02 && auto-chat listen OUTDOOR-009r3_body02
已请求插件执行一次调度。
  ✔ 结果已保存：job-result-02.json（最终 job id: OUTDOOR-009r3_body02）
  ⏳ 等待 10s 后再提交下一个任务（防止限流）...
  ✅ image-02.png

════════════════════════════════════════
条目 3/8 [body]：「黄金时刻眨眼彩虹折射光特写」（1 张，输出从 image-03.png 开始）
════════════════════════════════════════
  ✔ 写入 image-job-03.json

========================================
▶ 提交任务 OUTDOOR-009r3_body03（复用会话 parent=OUTDOOR-009r3_body02）
========================================
已创建任务: OUTDOOR-009r3_body03
平台: GPT
模式: 图片生成
状态: 排队中
下一步: auto-chat dispatch --platform gpt OUTDOOR-009r3_body03 && auto-chat listen OUTDOOR-009r3_body03
已请求插件执行一次调度。
  ✔ 结果已保存：job-result-03.json（最终 job id: OUTDOOR-009r3_body03）
  ⏳ 等待 10s 后再提交下一个任务（防止限流）...
  ✅ image-03.png

════════════════════════════════════════
条目 4/8 [body]：「纪实低机位低头轻笑抬眼」（1 张，输出从 image-04.png 开始）
════════════════════════════════════════
  ✔ 写入 image-job-04.json

========================================
▶ 提交任务 OUTDOOR-009r3_body04（复用会话 parent=OUTDOOR-009r3_body03）
========================================
已创建任务: OUTDOOR-009r3_body04
平台: GPT
模式: 图片生成
状态: 排队中
下一步: auto-chat dispatch --platform gpt OUTDOOR-009r3_body04 && auto-chat listen OUTDOOR-009r3_body04
已请求插件执行一次调度。
  ✔ 结果已保存：job-result-04.json（最终 job id: OUTDOOR-009r3_body04）
  ⏳ 等待 10s 后再提交下一个任务（防止限流）...
  ✅ image-04.png

════════════════════════════════════════
条目 5/8 [body]：「横向旅行感倚座椅动感虚化」（1 张，输出从 image-05.png 开始）
════════════════════════════════════════
  ✔ 写入 image-job-05.json

========================================
▶ 提交任务 OUTDOOR-009r3_body05（复用会话 parent=OUTDOOR-009r3_body04）
========================================
已创建任务: OUTDOOR-009r3_body05
平台: GPT
模式: 图片生成
状态: 排队中
下一步: auto-chat dispatch --platform gpt OUTDOOR-009r3_body05 && auto-chat listen OUTDOOR-009r3_body05
已请求插件执行一次调度。
  ✔ 结果已保存：job-result-05.json（最终 job id: OUTDOOR-009r3_body05）
  ⏳ 等待 10s 后再提交下一个任务（防止限流）...
  ✅ image-05.png

════════════════════════════════════════
条目 6/8 [body]：「轻复古正面特写双手互动倾斜构图」（1 张，输出从 image-06.png 开始）
════════════════════════════════════════
  ✔ 写入 image-job-06.json

========================================
▶ 提交任务 OUTDOOR-009r3_body06（复用会话 parent=OUTDOOR-009r3_body05）
========================================
已创建任务: OUTDOOR-009r3_body06
平台: GPT
模式: 图片生成
状态: 排队中
下一步: auto-chat dispatch --platform gpt OUTDOOR-009r3_body06 && auto-chat listen OUTDOOR-009r3_body06
已请求插件执行一次调度。
  ✔ 结果已保存：job-result-06.json（最终 job id: OUTDOOR-009r3_body06）
  ⏳ 等待 10s 后再提交下一个任务（防止限流）...
  ✅ image-06.png

════════════════════════════════════════
条目 7/8 [cover]：「封面图-琥珀时刻夏日车窗流光」（1 张，输出从 image-07.png 开始）
════════════════════════════════════════
  ✔ 写入 image-job-07.json

========================================
▶ 提交任务 OUTDOOR-009r3_cover07（复用会话 parent=OUTDOOR-009r3_body06）
========================================
已创建任务: OUTDOOR-009r3_cover07
平台: GPT
模式: 图片生成
状态: 排队中
下一步: auto-chat dispatch --platform gpt OUTDOOR-009r3_cover07 && auto-chat listen OUTDOOR-009r3_cover07
已请求插件执行一次调度。
  ✔ 结果已保存：job-result-07.json（最终 job id: OUTDOOR-009r3_cover07）
  ⏳ 等待 10s 后再提交下一个任务（防止限流）...
  ✅ image-07.png

════════════════════════════════════════
条目 8/8 [banner]：「顶部引导图-16比9琥珀车窗错落叠景」（1 张，输出从 image-08.png 开始）
════════════════════════════════════════
  ✔ 写入 image-job-08.json

========================================
▶ 提交任务 OUTDOOR-009r3_banner08（复用会话 parent=OUTDOOR-009r3_cover07，完成后关闭标签页）
========================================
已创建任务: OUTDOOR-009r3_banner08
平台: GPT
模式: 图片生成
状态: 排队中
下一步: auto-chat dispatch --platform gpt OUTDOOR-009r3_banner08 && auto-chat listen OUTDOOR-009r3_banner08
已请求插件执行一次调度。
  ✔ 结果已保存：job-result-08.json（最终 job id: OUTDOOR-009r3_banner08）
  ⏳ 等待 10s 后再提交下一个任务（防止限流）...
  ✅ image-08.png

========================================
🎉 全部完成！本次输出到 image-08.png
========================================
